// Jest Snapshot v1, https://goo.gl/fbAQLP

exports[`should render demo and match snapshot 1`] = `
<main>
  <k-space
    size="md"
    style="padding-bottom: 16px"
    vertical="{{true}}"
  >
    <demo-block
      title="基础用法"
    >
      <k-button
        color="primary"
        size="sm"
        variant="clear"
        bind:click="onClick"
      >
        Open
      </k-button>
      <k-overlay
        visible="{{false}}"
        bind:click="onClick"
      />
    </demo-block>
    <demo-block
      title="嵌入内容"
    >
      <k-button
        color="primary"
        size="sm"
        variant="clear"
        bind:click="onClickEmbedded"
      >
        Open
      </k-button>
      <k-overlay
        visible="{{false}}"
        bind:click="onClickEmbedded"
      >
        <wx-view
          class="content"
        >
          <wx-view
            class="block"
            catch:tap="noop"
          />
        </wx-view>
      </k-overlay>
    </demo-block>
  </k-space>
</main>
`;
